src/app/actions/menu.ts(22,9): error TS2554: Expected 2 arguments, but got 1.
